21:10:12 **** Incremental Build of configuration Debug for project STM32_TungNHS ****
make -j20 all 
arm-none-eabi-gcc "../Src/main.c" -mcpu=cortex-m4 -std=gnu11 -g3 -DDEBUG -DSTM32 -DSTM32F4 -DSTM32F407VGTx -c -I../Inc -I"D:/Learning/STM32_Legacy/STM32F407VG-Legacy_Learning/Workplaces/STM32_TungNHS/Drivers/Inc" -O0 -ffunction-sections -fdata-sections -Wall -fstack-usage -fcyclomatic-complexity -MMD -MP -MF"Src/main.d" -MT"Src/main.o" --specs=nano.specs -mfpu=fpv4-sp-d16 -mfloat-abi=hard -mthumb -o "Src/main.o"
arm-none-eabi-gcc -o "STM32_TungNHS.elf" @"objects.list"   -mcpu=cortex-m4 -T"D:\Learning\STM32_Legacy\STM32F407VG-Legacy_Learning\Workplaces\STM32_TungNHS\STM32F407VGTX_FLASH.ld" --specs=nosys.specs -Wl,-Map="STM32_TungNHS.map" -Wl,--gc-sections -static --specs=nano.specs -mfpu=fpv4-sp-d16 -mfloat-abi=hard -mthumb -Wl,--start-group -lc -lm -Wl,--end-group
Finished building target: STM32_TungNHS.elf
 
arm-none-eabi-size  STM32_TungNHS.elf 
arm-none-eabi-objdump -h -S STM32_TungNHS.elf  > "STM32_TungNHS.list"
   text	   data	    bss	    dec	    hex	filename
    644	      8	   1568	   2220	    8ac	STM32_TungNHS.elf
Finished building: default.size.stdout
 
Finished building: STM32_TungNHS.list
 

21:10:12 Build Finished. 0 errors, 0 warnings. (took 342ms)

